Performing C SOURCE FILE Test CMAKE_HAVE_LIBC_PTHREAD failed with the following output:
Change Dir: /Users/ishant/Desktop/aynvora-sdk/androidApp/.cxx/Debug/4zcz1z1g/arm64-v8a/CMakeFiles/CMakeTmp

Run Build Command(s):/Users/ishant/Library/Android/sdk/cmake/3.22.1/bin/ninja cmTC_473ce && [1/2] Building C object CMakeFiles/cmTC_473ce.dir/src.c.o
FAILED: CMakeFiles/cmTC_473ce.dir/src.c.o 
/Users/ishant/Library/Android/sdk/ndk/26.1.10909125/toolchains/llvm/prebuilt/darwin-x86_64/bin/clang --target=aarch64-none-linux-android24 --sysroot=/Users/ishant/Library/Android/sdk/ndk/26.1.10909125/toolchains/llvm/prebuilt/darwin-x86_64/sysroot -DCMAKE_HAVE_LIBC_PTHREAD  -g -DANDROID -fdata-sections -ffunction-sections -funwind-tables -fstack-protector-strong -no-canonical-prefixes -D_FORTIFY_SOURCE=2 -Wformat -Werror=format-security   -fPIE -std=gnu11 -MD -MT CMakeFiles/cmTC_473ce.dir/src.c.o -MF CMakeFiles/cmTC_473ce.dir/src.c.o.d -o CMakeFiles/cmTC_473ce.dir/src.c.o -c /Users/ishant/Desktop/aynvora-sdk/androidApp/.cxx/Debug/4zcz1z1g/arm64-v8a/CMakeFiles/CMakeTmp/src.c
/Users/ishant/Desktop/aynvora-sdk/androidApp/.cxx/Debug/4zcz1z1g/arm64-v8a/CMakeFiles/CMakeTmp/src.c:13:3: error: call to undeclared function 'pthread_cancel'; ISO C99 and later do not support implicit function declarations [-Wimplicit-function-declaration]
  pthread_cancel(thread);
  ^
/Users/ishant/Desktop/aynvora-sdk/androidApp/.cxx/Debug/4zcz1z1g/arm64-v8a/CMakeFiles/CMakeTmp/src.c:13:3: note: did you mean 'pthread_once'?
/Users/ishant/Library/Android/sdk/ndk/26.1.10909125/toolchains/llvm/prebuilt/darwin-x86_64/sysroot/usr/include/pthread.h:258:5: note: 'pthread_once' declared here
int pthread_once(pthread_once_t* _Nonnull __once, void (* _Nonnull __init_routine)(void));
    ^
1 error generated.
ninja: build stopped: subcommand failed.


Source file was:
#include <pthread.h>

static void* test_func(void* data)
{
  return data;
}

int main(void)
{
  pthread_t thread;
  pthread_create(&thread, NULL, test_func, NULL);
  pthread_detach(thread);
  pthread_cancel(thread);
  pthread_join(thread, NULL);
  pthread_atfork(NULL, NULL, NULL);
  pthread_exit(NULL);

  return 0;
}

Performing C++ SOURCE FILE Test COMPILER_SUPPORTS_FP16_FORMAT_I3E failed with the following output:
Change Dir: /Users/ishant/Desktop/aynvora-sdk/androidApp/.cxx/Debug/4zcz1z1g/arm64-v8a/CMakeFiles/CMakeTmp

Run Build Command(s):/Users/ishant/Library/Android/sdk/cmake/3.22.1/bin/ninja cmTC_7fc11 && [1/2] Building CXX object CMakeFiles/cmTC_7fc11.dir/src.cxx.o
FAILED: CMakeFiles/cmTC_7fc11.dir/src.cxx.o 
/Users/ishant/Library/Android/sdk/ndk/26.1.10909125/toolchains/llvm/prebuilt/darwin-x86_64/bin/clang++ --target=aarch64-none-linux-android24 --sysroot=/Users/ishant/Library/Android/sdk/ndk/26.1.10909125/toolchains/llvm/prebuilt/darwin-x86_64/sysroot -DCOMPILER_SUPPORTS_FP16_FORMAT_I3E  -g -DANDROID -fdata-sections -ffunction-sections -funwind-tables -fstack-protector-strong -no-canonical-prefixes -D_FORTIFY_SOURCE=2 -Wformat -Werror=format-security    -fPIE   -mfp16-format=ieee -std=gnu++11 -MD -MT CMakeFiles/cmTC_7fc11.dir/src.cxx.o -MF CMakeFiles/cmTC_7fc11.dir/src.cxx.o.d -o CMakeFiles/cmTC_7fc11.dir/src.cxx.o -c /Users/ishant/Desktop/aynvora-sdk/androidApp/.cxx/Debug/4zcz1z1g/arm64-v8a/CMakeFiles/CMakeTmp/src.cxx
clang++: error: unknown argument: '-mfp16-format=ieee'
ninja: build stopped: subcommand failed.


Source file was:
int main() { return 0; }
